// Jest Snapshot v1, https://goo.gl/fbAQLP

exports[`VideoDetail renders correctly 1`] = `
<div>
  NotFound
</div>
`;
